// Jest Snapshot v1, https://goo.gl/fbAQLP

exports[`Button should render the component 1`] = `
.c0 {
  padding: 1.6rem 2.4rem;
}

<div>
  <button
    class="c0"
  >
    DefaultButton
  </button>
</div>
`;
